---
source: crates/race/src/goliath.rs
expression: name

---
"Vaunea \"Keeneye\" Kolae-Gileana"

