---
source: crates/race/src/triton.rs
expression: triton.citations()

---
- - Vgtm
  - 115

