---
source: crates/race/src/tiefling.rs
expression: tiefling.morality()

---
- Evil

