---
source: crates/race/src/lizardfolk.rs
expression: lizardfolk.addl_pantheons()

---
- - Lizardfolk
  - Likely

