---
source: crates/race/src/half_orc.rs
expression: half_orc.abilities()

---
- - Constitution
  - 1
- - Strength
  - 2

