---
source: crates/race/src/lizardfolk.rs
expression: name

---
Verthica (mountain)

