---
source: crates/character/src/race/human.rs
expression: human.features()

---
[]

