---
source: crates/character/src/race/goliath.rs
expression: goliath.languages()

---
- Common
- Giant

