---
source: crates/character/src/race/aasimar.rs
expression: "AasimarSubrace::iter().map(|subrace|\n                               Aasimar{guide: AngelicGuide::gen(&mut rng),\n                                       subrace,}.morality()).collect::<Vec<Vec<Morality>>>()"

---
- - Evil
  - Neutral
- - Good
- - Good

