---
source: crates/character/src/race/elf.rs
expression: "ElfSubrace::iter().map(|subrace|\n                           (Elf{story_hook: String::new(),\n                                subrace,}).features()).collect::<Vec<Vec<Feature>>>()"

---
- - title: Darkvision
    citation:
      - Phb
      - 23
  - title: Fey Ancestry
    citation:
      - Phb
      - 23
  - title: Trance
    citation:
      - Phb
      - 23
  - title: Superior Darkvision
    citation:
      - Phb
      - 24
  - title: Sunlight Sensitivity
    citation:
      - Phb
      - 24
  - title: Drow Magic
    citation:
      - Phb
      - 24
- - title: Darkvision
    citation:
      - Phb
      - 23
  - title: Fey Ancestry
    citation:
      - Phb
      - 23
  - title: Trance
    citation:
      - Phb
      - 23
  - title: Fey Step
    citation:
      - Mtof
      - 62
- - title: Darkvision
    citation:
      - Phb
      - 23
  - title: Fey Ancestry
    citation:
      - Phb
      - 23
  - title: Trance
    citation:
      - Phb
      - 23
  - title: Cantrip
    citation:
      - Phb
      - 24
- - title: Darkvision
    citation:
      - Phb
      - 23
  - title: Fey Ancestry
    citation:
      - Phb
      - 23
  - title: Trance
    citation:
      - Phb
      - 23
  - title: Child of the Sea
    citation:
      - Mtof
      - 62
  - title: Friend of the Sea
    citation:
      - Mtof
      - 62
- - title: Darkvision
    citation:
      - Phb
      - 23
  - title: Fey Ancestry
    citation:
      - Phb
      - 23
  - title: Trance
    citation:
      - Phb
      - 23
  - title: Blessing of the Raven Queen
    citation:
      - Mtof
      - 63
- - title: Darkvision
    citation:
      - Phb
      - 23
  - title: Fey Ancestry
    citation:
      - Phb
      - 23
  - title: Trance
    citation:
      - Phb
      - 23
  - title: Mask of the Wild
    citation:
      - Phb
      - 24

