---
source: crates/characteristics/src/lib.rs
expression: "format!(\"{}\", characteristics)"

---
Age: 100
Human ethnicity: Chondathan
Human language known: Chondothan
Gender: Female
Size: Medium
Height: 6'3"
Weight: 300 lb.

