---
source: src/character/race/halfling.rs
expression: halfling.citations()
---
- - PHB
  - 26
- - PHB
  - 28
