---
source: src/character/race/gnome.rs
expression: gnome

---
- type: Gnome
  subrace: Forest
- "Ellyjobell \"Ashhearth\" Garrick"
- age: 340
  base_speeds:
    - Walking: 25
  gender: Female
  height: 40
  size: Small
  weight: 40

