---
source: src/character/race/elf.rs
expression: elf.citations()
---
- - PHB
  - 21
- - PHB
  - 24
