---
source: src/character/race/firbolg.rs
expression: firbolg.abilities()

---
- - Wisdom
  - 2
- - Strength
  - 1

