---
source: character/src/race/tiefling.rs
expression: tiefling.attitude()

---
- Chaotic

