---
source: character/src/race/kenku.rs
expression: kenku.citations()

---
- - Vgtm
  - 109

