---
source: crates/character/src/background/far_traveler.rs
expression: background.citations()

---
- - Scag
  - 148

