---
source: src/character/race/tabaxi.rs
expression: tabaxi.attitude()

---
- Chaotic

