---
source: src/character/race/goliath.rs
expression: goliath.proficiencies()

---
- Skill: Athletics

