---
source: src/character/race/bugbear.rs
expression: bugbear.proficiencies()

---
- Skill: Stealth

