---
source: src/character/race/goblin.rs
expression: goblin.morality()

---
- Evil

