---
source: src/character/race/lizardfolk.rs
expression: lizardfolk

---
Lizardfolk
