---
source: src/character/race/halfling.rs
expression: "HalflingSubrace::iter().map(|subrace|\n                                format!(\"{}\", Halfling\n                                        {\n                                            subrace\n                                        })).collect::<Vec<String>>().join(\"\\n\\n\")"

---
Ghostwise Halfling

Lightfoot Halfling

Stout Halfling
