---
source: crates/class/src/sorcerer.rs
expression: class.citations()

---
- - Phb
  - 99

