---
source: crates/class/src/paladin.rs
expression: class.deity_required()

---
true

