---
source: crates/class/src/barbarian.rs
expression: class.proficiencies()

---
- Armor: Light
- Armor: Medium
- Armor: Shield
- SavingThrow: Constitution
- SavingThrow: Strength
- Weapon:
    Category: Martial
- Weapon:
    Category: Simple

