---
source: src/character/background/clan_crafter.rs
expression: background.addl_equipment()

---
- ArtisansTools

