---
source: src/character/background/knight_of_the_order.rs
expression: "KnightOfTheOrder::skills()"

---
- Persuasion
- Arcana
- History
- Nature
- Religion

