---
source: character/src/background/clan_crafter.rs
expression: background.coins()

---
- Gold
- 15

