---
source: character/src/background/faction_agent.rs
expression: background.citations()

---
- - Scag
  - 147

