---
source: crates/background/src/uthgardt_tribe_member.rs
expression: background.citations()

---
- - Scag
  - 153

