---
source: crates/background/src/far_traveler.rs
expression: background.equipment()

---
- item:
    Other: poorly wrought maps from your homeland that depict where you are in Faer√ªn
  amount: 1
- item:
    Gear:
      Other: ClothesTravelers
  amount: 1
- item:
    Gear:
      Other: Pouch
  amount: 1

